// Jest Snapshot v1, https://goo.gl/fbAQLP

exports[`SearchBar renders correctly 1`] = `
<Fragment>
  <h1
    title="WikiSearch"
  >
    <i
      className="fab fa-wikipedia-w search-bar-logo"
    />
  </h1>
  <form
    className="search-bar-form"
  >
    <input
      className="search-bar-input"
      type="search"
      value=""
    />
    <button
      className="search-bar-button"
      type="submit"
    >
      <i
        className="fas fa-search search-bar-button-icon"
      />
    </button>
    <button
      className="search-bar-button"
      type="button"
    >
      <i
        className="fas fa-random search-bar-button-icon"
      />
    </button>
  </form>
</Fragment>
`;
