// Jest Snapshot v1, https://goo.gl/fbAQLP

exports[`SearchBar renders correctly 1`] = `
<Fragment>
  <h1
    title="WikiSearch"
  >
    <i
      className="fab fa-wikipedia-w logo"
    />
  </h1>
  <form
    className="form"
  >
    <input
      className="input"
      type="search"
      value=""
    />
    <button
      className="button"
      type="submit"
    >
      <i
        className="fas fa-search icon"
      />
    </button>
    <button
      className="button"
      type="button"
    >
      <i
        className="fas fa-random icon"
      />
    </button>
  </form>
</Fragment>
`;
